<html>
<body>
<pre>
<h1>µVision Build Log</h1>
<h2>Tool Versions:</h2>
IDE-Version: ¦ÌVision V5.34.0.0
Copyright (C) 2021 ARM Ltd and ARM Germany GmbH. All rights reserved.
License Information: GuangYu lenovo, Pu, LIC=P6F8T-RWBA8-06AQU-SD68E-U6XJE-MWQHF
 
Tool Versions:
Toolchain:       MDK-ARM Professional  Version: 5.34.0.0
Toolchain Path:  D:\MDK\ARM\ARMCC\Bin
C Compiler:      Armcc.exe V5.06 update 7 (build 960)
Assembler:       Armasm.exe V5.06 update 7 (build 960)
Linker/Locator:  ArmLink.exe V5.06 update 7 (build 960)
Library Manager: ArmAr.exe V5.06 update 7 (build 960)
Hex Converter:   FromElf.exe V5.06 update 7 (build 960)
CPU DLL:         SARMCM3.DLL V5.34.0.0
Dialog DLL:      DCM.DLL V1.17.3.0
Target DLL:      STLink\ST-LINKIII-KEIL_SWO.dll V3.0.8.0
Dialog DLL:      TCM.DLL V1.48.0.0
 
<h2>Project:</h2>
D:\stm\DATA\LEARNING\aaa\MDK-ARM\aaa.uvprojx
Project File Date:  05/27/2022

<h2>Output:</h2>
  
Warning: *** SUPPORT EXPIRED, NEW PRODUCT SERIAL NUMBER REQUIRED ***
         *** Running with Code Size Limit: 32K                   ***
*** Using Compiler 'V5.06 update 7 (build 960)', folder: 'D:\MDK\ARM\ARMCC\Bin'
Rebuild target 'aaa'
assembling startup_stm32f427xx.s...
compiling stm32f4xx_hal_flash.c...
compiling stm32f4xx_it.c...
compiling stm32f4xx_hal_can.c...
compiling gpio.c...
compiling main.c...
..\..\omni_try\omni\omni.h(18): warning:  #1-D: last line of file ends without a newline
  #endif
..\..\omni_try\UC\DJI.h(64): warning:  #1295-D: Deprecated declaration DJI_Init - give arg types
  void DJI_Init();
..\..\omni_try\UC\DJI.h(68): warning:  #1-D: last line of file ends without a newline
  #endif
..\..\omni_try\UC\Caculate.h(10): warning:  #1-D: last line of file ends without a newline
  #endif
..\UART_COM\nrf_com.h(39): warning:  #1295-D: Deprecated declaration nrf_Transmit_init - give arg types
  void nrf_Transmit_init();
..\UART_COM\nrf_com.h(40): warning:  #1295-D: Deprecated declaration send - give arg types
  void send();
..\UART_COM\nrf_com.h(41): warning:  #1295-D: Deprecated declaration nrf_receive_init - give arg types
  void nrf_receive_init();
..\UART_COM\nrf_com.h(42): warning:  #1295-D: Deprecated declaration nrf_decode - give arg types
  void nrf_decode();
..\UART_COM\nrf_com.h(44): warning:  #1-D: last line of file ends without a newline
  #endif
../Core/Src/main.c: 9 warnings, 0 errors
compiling stm32f4xx_hal_rcc.c...
compiling usart.c...
compiling can.c...
compiling stm32f4xx_hal_msp.c...
compiling dma.c...
compiling stm32f4xx_hal_rcc_ex.c...
compiling stm32f4xx_hal_flash_ramfunc.c...
compiling stm32f4xx_hal_exti.c...
compiling stm32f4xx_hal_cortex.c...
compiling stm32f4xx_hal_dma_ex.c...
compiling stm32f4xx_hal_gpio.c...
compiling stm32f4xx_hal_dma.c...
compiling omni.c...
..\..\omni_try\omni\omni.h(18): warning:  #1-D: last line of file ends without a newline
  #endif
..\..\omni_try\omni\omni.c(51): warning:  #1-D: last line of file ends without a newline
  }
..\..\omni_try\omni\omni.c: 2 warnings, 0 errors
compiling stm32f4xx_hal_flash_ex.c...
compiling stm32f4xx_hal.c...
compiling stm32f4xx_hal_pwr_ex.c...
compiling stm32f4xx_hal_pwr.c...
compiling stm32f4xx_hal_tim.c...
compiling stm32f4xx_hal_tim_ex.c...
compiling DJI.c...
..\..\omni_try\UC\DJI.h(64): warning:  #1295-D: Deprecated declaration DJI_Init - give arg types
  void DJI_Init();
..\..\omni_try\UC\DJI.h(68): warning:  #1-D: last line of file ends without a newline
  #endif
..\..\omni_try\UC\DJI.c(95): warning:  #1035-D: single-precision operand implicitly converted to double-precision
  	if(motor->Calculate.RotorAngle_0_360_Log[NOW] -  motor->Calculate.RotorAngle_0_360_Log[LAST] > (180.0))
..\..\omni_try\UC\DJI.c: 3 warnings, 0 errors
compiling nrf_com.c...
..\UART_COM\nrf_com.h(39): warning:  #1295-D: Deprecated declaration nrf_Transmit_init - give arg types
  void nrf_Transmit_init();
..\UART_COM\nrf_com.h(40): warning:  #1295-D: Deprecated declaration send - give arg types
  void send();
..\UART_COM\nrf_com.h(41): warning:  #1295-D: Deprecated declaration nrf_receive_init - give arg types
  void nrf_receive_init();
..\UART_COM\nrf_com.h(42): warning:  #1295-D: Deprecated declaration nrf_decode - give arg types
  void nrf_decode();
..\UART_COM\nrf_com.h(44): warning:  #1-D: last line of file ends without a newline
  #endif
..\UART_COM\nrf_com.c(64): warning:  #1-D: last line of file ends without a newline
  //}
..\UART_COM\nrf_com.c: 6 warnings, 0 errors
compiling Caculate.c...
..\..\omni_try\UC\DJI.h(64): warning:  #1295-D: Deprecated declaration DJI_Init - give arg types
  void DJI_Init();
..\..\omni_try\UC\DJI.h(68): warning:  #1-D: last line of file ends without a newline
  #endif
..\..\omni_try\UC\Caculate.h(10): warning:  #1-D: last line of file ends without a newline
  #endif
..\..\omni_try\UC\Caculate.c(49): warning:  #1-D: last line of file ends without a newline
  }
..\..\omni_try\UC\Caculate.c: 4 warnings, 0 errors
compiling wtr_uart.c...
..\..\omni_try\UC\DJI.h(64): warning:  #1295-D: Deprecated declaration DJI_Init - give arg types
  void DJI_Init();
..\..\omni_try\UC\DJI.h(68): warning:  #1-D: last line of file ends without a newline
  #endif
..\..\omni_try\UC\wtr_uart.c(73): warning:  #223-D: function "nrf_decode" declared implicitly
          nrf_decode();
..\..\omni_try\UC\wtr_uart.c: 3 warnings, 0 errors
compiling wtr_can.c...
..\..\omni_try\UC\DJI.h(64): warning:  #1295-D: Deprecated declaration DJI_Init - give arg types
  void DJI_Init();
..\..\omni_try\UC\DJI.h(68): warning:  #1-D: last line of file ends without a newline
  #endif
..\..\omni_try\UC\wtr_can.c: 2 warnings, 0 errors
compiling stm32f4xx_hal_uart.c...
compiling system_stm32f4xx.c...
linking...
Program Size: Code=15228 RO-data=636 RW-data=88 ZI-data=2736  
FromELF: creating hex file...
"aaa\aaa.axf" - 0 Error(s), 30 Warning(s).

<h2>Software Packages used:</h2>

Package Vendor: ARM
                http://www.keil.com/pack/ARM.CMSIS.5.7.0.pack
                ARM.CMSIS.5.7.0
                CMSIS (Cortex Microcontroller Software Interface Standard)
   * Component: CORE Version: 5.4.0

Package Vendor: Keil
                http://www.keil.com/pack/Keil.STM32F4xx_DFP.2.13.0.pack
                Keil.STM32F4xx_DFP.2.13.0
                STMicroelectronics STM32F4 Series Device Support, Drivers and Examples

<h2>Collection of Component include folders:</h2>
  .\RTE\_aaa
  D:\MDK\ARM\PACK\ARM\CMSIS\5.7.0\CMSIS\Core\Include
  D:\MDK\ARM\PACK\Keil\STM32F4xx_DFP\2.13.0\Drivers\CMSIS\Device\ST\STM32F4xx\Include

<h2>Collection of Component Files used:</h2>

   * Component: ARM::CMSIS:CORE:5.4.0
      Include file:  CMSIS\Core\Include\tz_context.h
Build Time Elapsed:  00:00:46
</pre>
</body>
</html>
